2026-06-17 02:56:55,427-INFO -ESTABLISHING CONNECTION TO MYSQL
2026-06-17 02:56:55,553-DEBUG -Building SSL context
2026-06-17 02:56:55,607-DEBUG -Switching to SSL
2026-06-17 02:56:55,612-DEBUG -SSL has been enabled
2026-06-17 02:56:55,612-DEBUG -Starting authorization phase
2026-06-17 02:56:55,612-DEBUG -The provided initial strategy is caching_sha2_password
2026-06-17 02:56:55,612-INFO -package: mysql.connector.plugins
2026-06-17 02:56:55,612-INFO -plugin_name: caching_sha2_password
2026-06-17 02:56:55,612-INFO -AUTHENTICATION_PLUGIN_CLASS: MySQLCachingSHA2PasswordAuthPlugin
2026-06-17 02:56:55,612-DEBUG -Exchanging further packets
2026-06-17 02:56:55,612-DEBUG -caching_sha2_password completed succesfully
2026-06-17 02:56:55,613-INFO -CONNECTING TO DB
2026-06-17 02:56:55,615-INFO -CREATING TABLE FOR INSERTION
2026-06-17 02:56:55,633-INFO -CSV LOADED
2026-06-17 02:56:55,633-INFO -DATA VALIDATION
2026-06-17 02:56:55,639-INFO -INSERTING DATA INTO SQL
2026-06-17 02:56:55,644-INFO -4 rows inserted
2026-06-17 20:57:58,660-INFO -ESTABLISHING CONNECTION TO MYSQL:
2026-06-17 20:57:58,733-DEBUG -Building SSL context
2026-06-17 20:57:58,805-DEBUG -Switching to SSL
2026-06-17 20:57:58,824-DEBUG -SSL has been enabled
2026-06-17 20:57:58,824-DEBUG -Starting authorization phase
2026-06-17 20:57:58,824-DEBUG -The provided initial strategy is caching_sha2_password
2026-06-17 20:57:58,824-INFO -package: mysql.connector.plugins
2026-06-17 20:57:58,825-INFO -plugin_name: caching_sha2_password
2026-06-17 20:57:58,825-INFO -AUTHENTICATION_PLUGIN_CLASS: MySQLCachingSHA2PasswordAuthPlugin
2026-06-17 20:57:58,825-DEBUG -Exchanging further packets
2026-06-17 20:57:58,828-DEBUG -caching_sha2_password completed succesfully
2026-06-17 20:57:58,829-INFO -CONNECTING TO DB
2026-06-17 20:57:58,843-INFO -CREATING TABLE FOR INSERTION
2026-06-17 20:57:58,908-INFO -CSV LOADED
2026-06-17 20:57:58,908-INFO -DATA VALIDATION
2026-06-17 20:57:58,925-INFO -INSERTING DATA INTO SQL
2026-06-17 20:57:58,934-INFO -4 rows inserted
